// Vitest Snapshot v1, https://vitest.dev/guide/snapshot.html

exports[`live WebUntis smoke > with live layer > bootstraps auth and reads app metadata 1`] = `
{
  "currentSchoolYear": null,
  "departments": [],
  "holidays": [
    {
      "bookable": false,
      "end": "<dynamic-datetime>",
      "id": 31,
      "name": "Ferien1",
      "start": "<dynamic-datetime>",
    },
    {
      "bookable": false,
      "end": "<dynamic-datetime>",
      "id": 34,
      "name": "Ferien2",
      "start": "<dynamic-datetime>",
    },
    {
      "bookable": false,
      "end": "<dynamic-datetime>",
      "id": 37,
      "name": "Ferien3",
      "start": "<dynamic-datetime>",
    },
    {
      "bookable": false,
      "end": "<dynamic-datetime>",
      "id": 40,
      "name": "Ferien4",
      "start": "<dynamic-datetime>",
    },
    {
      "bookable": false,
      "end": "<dynamic-datetime>",
      "id": 43,
      "name": "Ferien5",
      "start": "<dynamic-datetime>",
    },
    {
      "bookable": false,
      "end": "<dynamic-datetime>",
      "id": 46,
      "name": "Ferien6",
      "start": "<dynamic-datetime>",
    },
    {
      "bookable": false,
      "end": "<dynamic-datetime>",
      "id": 49,
      "name": "Ferien7",
      "start": "<dynamic-datetime>",
    },
    {
      "bookable": false,
      "end": "<dynamic-datetime>",
      "id": 52,
      "name": "Ferien8",
      "start": "<dynamic-datetime>",
    },
    {
      "bookable": false,
      "end": "<dynamic-datetime>",
      "id": 55,
      "name": "3.10.",
      "start": "<dynamic-datetime>",
    },
    {
      "bookable": false,
      "end": "<dynamic-datetime>",
      "id": 58,
      "name": "1.4.",
      "start": "<dynamic-datetime>",
    },
    {
      "bookable": false,
      "end": "<dynamic-datetime>",
      "id": 61,
      "name": "1.5.",
      "start": "<dynamic-datetime>",
    },
    {
      "bookable": false,
      "end": "<dynamic-datetime>",
      "id": 64,
      "name": "9.5.",
      "start": "<dynamic-datetime>",
    },
    {
      "bookable": false,
      "end": "<dynamic-datetime>",
      "id": 67,
      "name": "20.5.",
      "start": "<dynamic-datetime>",
    },
    {
      "bookable": false,
      "end": "<dynamic-datetime>",
      "id": 69,
      "name": "Ferien1",
      "start": "<dynamic-datetime>",
    },
    {
      "bookable": false,
      "end": "<dynamic-datetime>",
      "id": 72,
      "name": "Ferien2",
      "start": "<dynamic-datetime>",
    },
    {
      "bookable": false,
      "end": "<dynamic-datetime>",
      "id": 75,
      "name": "Ferien3",
      "start": "<dynamic-datetime>",
    },
    {
      "bookable": false,
      "end": "<dynamic-datetime>",
      "id": 78,
      "name": "Ferien4",
      "start": "<dynamic-datetime>",
    },
    {
      "bookable": false,
      "end": "<dynamic-datetime>",
      "id": 81,
      "name": "Ferien6",
      "start": "<dynamic-datetime>",
    },
    {
      "bookable": false,
      "end": "<dynamic-datetime>",
      "id": 84,
      "name": "Ferien5",
      "start": "<dynamic-datetime>",
    },
    {
      "bookable": false,
      "end": "<dynamic-datetime>",
      "id": 87,
      "name": "Ferien7",
      "start": "<dynamic-datetime>",
    },
    {
      "bookable": false,
      "end": "<dynamic-datetime>",
      "id": 90,
      "name": "Ferien8",
      "start": "<dynamic-datetime>",
    },
    {
      "bookable": false,
      "end": "<dynamic-datetime>",
      "id": 93,
      "name": "3.10.",
      "start": "<dynamic-datetime>",
    },
    {
      "bookable": false,
      "end": "<dynamic-datetime>",
      "id": 96,
      "name": "18.10.",
      "start": "<dynamic-datetime>",
    },
    {
      "bookable": false,
      "end": "<dynamic-datetime>",
      "id": 99,
      "name": "31.10.",
      "start": "<dynamic-datetime>",
    },
    {
      "bookable": false,
      "end": "<dynamic-datetime>",
      "id": 102,
      "name": "18.4.",
      "start": "<dynamic-datetime>",
    },
    {
      "bookable": false,
      "end": "<dynamic-datetime>",
      "id": 105,
      "name": "21.4.",
      "start": "<dynamic-datetime>",
    },
    {
      "bookable": false,
      "end": "<dynamic-datetime>",
      "id": 108,
      "name": "1.5.",
      "start": "<dynamic-datetime>",
    },
    {
      "bookable": false,
      "end": "<dynamic-datetime>",
      "id": 111,
      "name": "2.5.",
      "start": "<dynamic-datetime>",
    },
    {
      "bookable": false,
      "end": "<dynamic-datetime>",
      "id": 114,
      "name": "29.5.",
      "start": "<dynamic-datetime>",
    },
    {
      "bookable": false,
      "end": "<dynamic-datetime>",
      "id": 117,
      "name": "9.6.",
      "start": "<dynamic-datetime>",
    },
    {
      "bookable": false,
      "end": "<dynamic-datetime>",
      "id": 118,
      "name": "Ferien1",
      "start": "<dynamic-datetime>",
    },
    {
      "bookable": false,
      "end": "<dynamic-datetime>",
      "id": 121,
      "name": "Ferien2",
      "start": "<dynamic-datetime>",
    },
    {
      "bookable": false,
      "end": "<dynamic-datetime>",
      "id": 124,
      "name": "Ferien3",
      "start": "<dynamic-datetime>",
    },
    {
      "bookable": false,
      "end": "<dynamic-datetime>",
      "id": 127,
      "name": "Ferien4",
      "start": "<dynamic-datetime>",
    },
    {
      "bookable": false,
      "end": "<dynamic-datetime>",
      "id": 130,
      "name": "Ferien5",
      "start": "<dynamic-datetime>",
    },
    {
      "bookable": false,
      "end": "<dynamic-datetime>",
      "id": 133,
      "name": "Ferien6",
      "start": "<dynamic-datetime>",
    },
    {
      "bookable": false,
      "end": "<dynamic-datetime>",
      "id": 136,
      "name": "3.10.",
      "start": "<dynamic-datetime>",
    },
    {
      "bookable": false,
      "end": "<dynamic-datetime>",
      "id": 139,
      "name": "31.10.",
      "start": "<dynamic-datetime>",
    },
    {
      "bookable": false,
      "end": "<dynamic-datetime>",
      "id": 142,
      "name": "1.5.",
      "start": "<dynamic-datetime>",
    },
    {
      "bookable": false,
      "end": "<dynamic-datetime>",
      "id": 145,
      "name": "14.5.",
      "start": "<dynamic-datetime>",
    },
    {
      "bookable": false,
      "end": "<dynamic-datetime>",
      "id": 148,
      "name": "25.5.",
      "start": "<dynamic-datetime>",
    },
  ],
  "isPlayground": false,
  "isSupportAccessOpen": true,
  "licenceExpiresAt": "<dynamic-date>",
  "oneDriveData": {
    "hasOneDriveRight": false,
    "oneDriveClientId": "d4acf9ca-5400-48f0-96db-e356769fa9fb",
    "oneDriveClientVersion": "V8",
  },
  "permissions": [
    "<personal-label>:R:0:<personal-label>",
    "<personal-label>_<personal-label>:R:1:<personal-label>",
    "<personal-label>_<personal-label>:R:5:<personal-label>",
    "<personal-label>_<personal-label>:R:2:<personal-label>",
    "<personal-label>_<personal-label>:R:4:<personal-label>",
    "<personal-label>_<personal-label>:R:3:<personal-label>",
    "<personal-label>:R:0:<personal-label>",
    "<personal-label>:R:0:<personal-label>",
    "<personal-label>:R:0:<personal-label>",
    "<personal-label>:<personal-label>:0:<personal-label>",
    "<personal-label>:<personal-label>:0:<personal-label>",
    "<personal-label>:<personal-label>:0:<personal-label>",
    "<personal-label>_<personal-label>:<personal-label>:0:<personal-label>",
    "<personal-label>:<personal-label>:0:<personal-label>",
    "<personal-label>:<personal-label>:0:<personal-label>",
    "<personal-label>_<personal-label>:R:1:<personal-label>",
    "<personal-label>_<personal-label>:R:2:<personal-label>",
    "<personal-label>_<personal-label>:R:4:<personal-label>",
    "<personal-label>_<personal-label>_<personal-label>:R:4:<personal-label>",
    "<personal-label>_<personal-label>_<personal-label>:R:1:<personal-label>",
    "<personal-label>_<personal-label>_<personal-label>:R:2:<personal-label>",
    "<personal-label>_<personal-label>:<personal-label>:0:<personal-label>",
    "<personal-label>:R:0:<personal-label>",
    "<personal-label>:<personal-label>:0:<personal-label>",
    "<personal-label>_<personal-label>:R:1:<personal-label>",
    "<personal-label>_<personal-label>:R:2:<personal-label>",
    "<personal-label>:<personal-label>:0:<personal-label>",
    "<personal-label>:<personal-label>:0:<personal-label>",
  ],
  "pollingJobs": [],
  "settings": [
    "system.linesperpage:50",
    "system.firstDayOfWeek:2",
    "system.showlessonsofday:false",
    "system.emailadmin:it.schulen@landkreis-osterholz.de",
  ],
  "tenant": {
    "displayName": "<personal-label> Lilienthal",
    "id": "6603700",
    "name": "igs-lilienthal",
    "wuHostName": null,
  },
  "ui2020": true,
  "user": {
    "email": "<personal-email>",
    "id": 3711,
    "lastLogin": "<dynamic-datetime>",
    "locale": "de",
    "name": "hauke.studienbuch",
    "permissions": {
      "views": [
        "TODAY",
        "TIMETABLE_CLASSES",
        "TIMETABLE_TEACHERS",
        "TIMETABLE_NEW_TEACHERS",
        "TIMETABLE_ROOMS",
        "TIMETABLE_NEW_ROOMS",
        "TIMETABLE_SUBJECTS",
        "TIMETABLE_NEW_SUBJECTS",
        "TIMETABLE_STUDENTS",
        "TIMETABLE_NEW_STUDENTS",
        "TIMETABLE_DAILY_OVERVIEW_ROOMS",
        "TIMETABLE_DAILY_OVERVIEW_ROOMS_NEW",
        "TIMETABLE_DAILY_OVERVIEW_TEACHERS",
        "TIMETABLE_DAILY_OVERVIEW_TEACHERS_NEW",
        "TIMETABLE_DAILY_OVERVIEW_CLASSES",
        "TIMETABLE_DAILY_OVERVIEW_CLASSES_NEW",
        "TIMETABLE_OVERVIEW_CLASSES",
        "TIMETABLE_OVERVIEW_CLASSES_NEW",
        "TIMETABLE_OVERVIEW_TEACHERS",
        "TIMETABLE_OVERVIEW_TEACHERS_NEW",
        "TIMETABLE_OVERVIEW_ROOMS",
        "TIMETABLE_OVERVIEW_ROOMS_NEW",
        "TIMETABLE_CONTACT_HOURS",
        "TIMETABLE_CONTACT_HOURS_NEW",
        "TEACHER_LESSONS",
        "CLASS_LESSONS",
        "STUDENT_LESSONS",
        "EXAMS",
        "EXAM_STATISTICS",
        "DAILY_CLASS_LESSONS",
        "DAILY_TEACHER_LESSONS",
        "YEARLY_CLASS_LESSONS",
        "YEARLY_TEACHER_LESSONS",
        "OPEN_PERIODS_TEACHER",
        "ABSENCES",
        "ABSENCE_TIMES",
        "HOMEWORK",
        "EXEMPTIONS",
        "CLASS_SERVICES",
        "CLASS_REGISTER_REPORTS",
        "MESSAGE_CENTER",
        "MESSAGE_CENTER_2021",
        "MESSAGE_CENTER_2021_SENT_MESSAGES",
        "MESSAGE_CENTER_2021_LISTS",
        "MESSAGE_CENTER_2021_DRAFT_MESSAGES",
        "CONTACT_DETAILS",
        "PROFILE",
      ],
    },
    "person": {
      "displayName": "",
      "id": -1,
      "imageUrl": null,
    },
    "roles": [
      "STAFF",
    ],
    "students": [],
  },
}
`;

exports[`live WebUntis smoke > with live layer > reads bootstrap and home endpoints 1`] = `
{
  "integrationsSection": [],
  "isEmailUpdateRequired": false,
  "schoolName": "<personal-label> Lilienthal",
  "sections": [
    {
      "cells": [
        {
          "badge": null,
          "type": "MY_EVENTS",
        },
        {
          "badge": null,
          "type": "STUDENT_ABSENCES_ADMINISTRATION",
        },
      ],
    },
  ],
}
`;

exports[`live WebUntis smoke > with live layer > reads bootstrap and home endpoints 2`] = `
{
  "schoolYear": null,
  "tenant": {
    "displayName": "<personal-label> Lilienthal",
    "id": "6603700",
    "language": "",
    "schoolLoginName": "igs-lilienthal",
    "wuVersion": "<dynamic-version>",
  },
  "user": {
    "departmentId": 0,
    "id": 3711,
    "locale": "de",
    "permissions": [
      "<personal-label>_<personal-label>",
      "<personal-label>_<personal-label>",
      "<personal-label>_<personal-label>_<personal-label>",
    ],
    "person": null,
    "referencedStudents": [],
    "role": "STAFF",
    "username": "<personal-username>",
  },
}
`;

exports[`live WebUntis smoke > with live layer > reads bootstrap and home endpoints 3`] = `
{
  "startupActions": [],
}
`;
