// Vitest Snapshot v1, https://vitest.dev/guide/snapshot.html

exports[`live WebUntis smoke > with live layer > bootstraps auth and reads app metadata 1`] = `
{
  "currentSchoolYear": {
    "dateRange": {
      "end": "<redacted-date>",
      "start": "<redacted-date>",
    },
    "id": 7,
    "name": "2025/2026",
    "timeGrid": {
      "schoolyearId": 7,
      "units": [
        {
          "endTime": 800,
          "startTime": 740,
          "unitOfDay": 1,
        },
        {
          "endTime": 840,
          "startTime": 800,
          "unitOfDay": 2,
        },
        {
          "endTime": 920,
          "startTime": 840,
          "unitOfDay": 3,
        },
        {
          "endTime": 1025,
          "startTime": 945,
          "unitOfDay": 4,
        },
        {
          "endTime": 1105,
          "startTime": 1025,
          "unitOfDay": 5,
        },
        {
          "endTime": 1210,
          "startTime": 1130,
          "unitOfDay": 6,
        },
        {
          "endTime": 1250,
          "startTime": 1210,
          "unitOfDay": 7,
        },
        {
          "endTime": 1320,
          "startTime": 1250,
          "unitOfDay": 8,
        },
        {
          "endTime": 1350,
          "startTime": 1320,
          "unitOfDay": 9,
        },
        {
          "endTime": 1430,
          "startTime": 1350,
          "unitOfDay": 10,
        },
        {
          "endTime": 1510,
          "startTime": 1430,
          "unitOfDay": 11,
        },
        {
          "endTime": 1555,
          "startTime": 1515,
          "unitOfDay": 12,
        },
        {
          "endTime": 1630,
          "startTime": 1555,
          "unitOfDay": 13,
        },
      ],
    },
  },
  "holidays": [
    {
      "bookable": false,
      "end": "<redacted-datetime>",
      "id": 31,
      "name": "Ferien1",
      "start": "<redacted-datetime>",
    },
    {
      "bookable": false,
      "end": "<redacted-datetime>",
      "id": 34,
      "name": "Ferien2",
      "start": "<redacted-datetime>",
    },
    {
      "bookable": false,
      "end": "<redacted-datetime>",
      "id": 37,
      "name": "Ferien3",
      "start": "<redacted-datetime>",
    },
    {
      "bookable": false,
      "end": "<redacted-datetime>",
      "id": 40,
      "name": "Ferien4",
      "start": "<redacted-datetime>",
    },
    {
      "bookable": false,
      "end": "<redacted-datetime>",
      "id": 43,
      "name": "Ferien5",
      "start": "<redacted-datetime>",
    },
    {
      "bookable": false,
      "end": "<redacted-datetime>",
      "id": 46,
      "name": "Ferien6",
      "start": "<redacted-datetime>",
    },
    {
      "bookable": false,
      "end": "<redacted-datetime>",
      "id": 49,
      "name": "Ferien7",
      "start": "<redacted-datetime>",
    },
    {
      "bookable": false,
      "end": "<redacted-datetime>",
      "id": 52,
      "name": "Ferien8",
      "start": "<redacted-datetime>",
    },
    {
      "bookable": false,
      "end": "<redacted-datetime>",
      "id": 55,
      "name": "3.10.",
      "start": "<redacted-datetime>",
    },
    {
      "bookable": false,
      "end": "<redacted-datetime>",
      "id": 58,
      "name": "1.4.",
      "start": "<redacted-datetime>",
    },
    {
      "bookable": false,
      "end": "<redacted-datetime>",
      "id": 61,
      "name": "1.5.",
      "start": "<redacted-datetime>",
    },
    {
      "bookable": false,
      "end": "<redacted-datetime>",
      "id": 64,
      "name": "9.5.",
      "start": "<redacted-datetime>",
    },
    {
      "bookable": false,
      "end": "<redacted-datetime>",
      "id": 67,
      "name": "20.5.",
      "start": "<redacted-datetime>",
    },
    {
      "bookable": false,
      "end": "<redacted-datetime>",
      "id": 69,
      "name": "Ferien1",
      "start": "<redacted-datetime>",
    },
    {
      "bookable": false,
      "end": "<redacted-datetime>",
      "id": 72,
      "name": "Ferien2",
      "start": "<redacted-datetime>",
    },
    {
      "bookable": false,
      "end": "<redacted-datetime>",
      "id": 75,
      "name": "Ferien3",
      "start": "<redacted-datetime>",
    },
    {
      "bookable": false,
      "end": "<redacted-datetime>",
      "id": 78,
      "name": "Ferien4",
      "start": "<redacted-datetime>",
    },
    {
      "bookable": false,
      "end": "<redacted-datetime>",
      "id": 81,
      "name": "Ferien6",
      "start": "<redacted-datetime>",
    },
    {
      "bookable": false,
      "end": "<redacted-datetime>",
      "id": 84,
      "name": "Ferien5",
      "start": "<redacted-datetime>",
    },
    {
      "bookable": false,
      "end": "<redacted-datetime>",
      "id": 87,
      "name": "Ferien7",
      "start": "<redacted-datetime>",
    },
    {
      "bookable": false,
      "end": "<redacted-datetime>",
      "id": 90,
      "name": "Ferien8",
      "start": "<redacted-datetime>",
    },
    {
      "bookable": false,
      "end": "<redacted-datetime>",
      "id": 93,
      "name": "3.10.",
      "start": "<redacted-datetime>",
    },
    {
      "bookable": false,
      "end": "<redacted-datetime>",
      "id": 96,
      "name": "18.10.",
      "start": "<redacted-datetime>",
    },
    {
      "bookable": false,
      "end": "<redacted-datetime>",
      "id": 99,
      "name": "31.10.",
      "start": "<redacted-datetime>",
    },
    {
      "bookable": false,
      "end": "<redacted-datetime>",
      "id": 102,
      "name": "18.4.",
      "start": "<redacted-datetime>",
    },
    {
      "bookable": false,
      "end": "<redacted-datetime>",
      "id": 105,
      "name": "21.4.",
      "start": "<redacted-datetime>",
    },
    {
      "bookable": false,
      "end": "<redacted-datetime>",
      "id": 108,
      "name": "1.5.",
      "start": "<redacted-datetime>",
    },
    {
      "bookable": false,
      "end": "<redacted-datetime>",
      "id": 111,
      "name": "2.5.",
      "start": "<redacted-datetime>",
    },
    {
      "bookable": false,
      "end": "<redacted-datetime>",
      "id": 114,
      "name": "29.5.",
      "start": "<redacted-datetime>",
    },
    {
      "bookable": false,
      "end": "<redacted-datetime>",
      "id": 117,
      "name": "9.6.",
      "start": "<redacted-datetime>",
    },
    {
      "bookable": false,
      "end": "<redacted-datetime>",
      "id": 118,
      "name": "Ferien1",
      "start": "<redacted-datetime>",
    },
    {
      "bookable": false,
      "end": "<redacted-datetime>",
      "id": 121,
      "name": "Ferien2",
      "start": "<redacted-datetime>",
    },
    {
      "bookable": false,
      "end": "<redacted-datetime>",
      "id": 124,
      "name": "Ferien3",
      "start": "<redacted-datetime>",
    },
    {
      "bookable": false,
      "end": "<redacted-datetime>",
      "id": 127,
      "name": "Ferien4",
      "start": "<redacted-datetime>",
    },
    {
      "bookable": false,
      "end": "<redacted-datetime>",
      "id": 130,
      "name": "Ferien5",
      "start": "<redacted-datetime>",
    },
    {
      "bookable": false,
      "end": "<redacted-datetime>",
      "id": 133,
      "name": "Ferien6",
      "start": "<redacted-datetime>",
    },
    {
      "bookable": false,
      "end": "<redacted-datetime>",
      "id": 136,
      "name": "3.10.",
      "start": "<redacted-datetime>",
    },
    {
      "bookable": false,
      "end": "<redacted-datetime>",
      "id": 139,
      "name": "31.10.",
      "start": "<redacted-datetime>",
    },
    {
      "bookable": false,
      "end": "<redacted-datetime>",
      "id": 142,
      "name": "1.5.",
      "start": "<redacted-datetime>",
    },
    {
      "bookable": false,
      "end": "<redacted-datetime>",
      "id": 145,
      "name": "14.5.",
      "start": "<redacted-datetime>",
    },
    {
      "bookable": false,
      "end": "<redacted-datetime>",
      "id": 148,
      "name": "25.5.",
      "start": "<redacted-datetime>",
    },
  ],
  "permissions": [
    "<redacted-label>:R:0:<redacted-label>",
    "<redacted-label>_<redacted-label>:R:1:<redacted-label>",
    "<redacted-label>_<redacted-label>:R:5:<redacted-label>",
    "<redacted-label>_<redacted-label>:R:2:<redacted-label>",
    "<redacted-label>_<redacted-label>:R:4:<redacted-label>",
    "<redacted-label>_<redacted-label>:R:3:<redacted-label>",
    "<redacted-label>:R:0:<redacted-label>",
    "<redacted-label>:R:0:<redacted-label>",
    "<redacted-label>:R:0:<redacted-label>",
    "<redacted-label>:<redacted-label>:0:<redacted-label>",
    "<redacted-label>:<redacted-label>:0:<redacted-label>",
    "<redacted-label>:<redacted-label>:0:<redacted-label>",
    "<redacted-label>_<redacted-label>:<redacted-label>:0:<redacted-label>",
    "<redacted-label>:<redacted-label>:0:<redacted-label>",
    "<redacted-label>:<redacted-label>:0:<redacted-label>",
    "<redacted-label>_<redacted-label>:R:1:<redacted-label>",
    "<redacted-label>_<redacted-label>:R:2:<redacted-label>",
    "<redacted-label>_<redacted-label>:R:4:<redacted-label>",
    "<redacted-label>_<redacted-label>_<redacted-label>:R:4:<redacted-label>",
    "<redacted-label>_<redacted-label>_<redacted-label>:R:1:<redacted-label>",
    "<redacted-label>_<redacted-label>_<redacted-label>:R:2:<redacted-label>",
    "<redacted-label>_<redacted-label>:<redacted-label>:0:<redacted-label>",
    "<redacted-label>:R:0:<redacted-label>",
    "<redacted-label>:<redacted-label>:0:<redacted-label>",
    "<redacted-label>_<redacted-label>:R:1:<redacted-label>",
    "<redacted-label>_<redacted-label>:R:2:<redacted-label>",
    "<redacted-label>:<redacted-label>:0:<redacted-label>",
    "<redacted-label>:<redacted-label>:0:<redacted-label>",
  ],
  "settings": [
    "system.linesperpage:50",
    "system.firstDayOfWeek:2",
    "system.showlessonsofday:false",
    "system.emailadmin:<redacted-email>",
  ],
  "tenant": {
    "displayName": "<redacted-label> Lilienthal",
    "id": "6603700",
    "name": "igs-lilienthal",
  },
  "user": {
    "email": "<redacted-email>",
    "id": 3711,
    "locale": "de",
    "name": "hauke.studienbuch",
    "permissions": {
      "views": [
        "<redacted-label>",
        "<redacted-label>_<redacted-label>",
        "<redacted-label>_<redacted-label>_<redacted-label>",
        "<redacted-label>_<redacted-label>",
        "<redacted-label>_<redacted-label>_<redacted-label>",
        "<redacted-label>_<redacted-label>",
        "<redacted-label>_<redacted-label>_<redacted-label>",
        "<redacted-label>_<redacted-label>",
        "<redacted-label>_<redacted-label>_<redacted-label>",
        "<redacted-label>_<redacted-label>",
        "<redacted-label>_<redacted-label>_<redacted-label>",
        "<redacted-label>_<redacted-label>_<redacted-label>_<redacted-label>",
        "<redacted-label>_<redacted-label>_<redacted-label>_<redacted-label>_<redacted-label>",
        "<redacted-label>_<redacted-label>_<redacted-label>_<redacted-label>",
        "<redacted-label>_<redacted-label>_<redacted-label>_<redacted-label>_<redacted-label>",
        "<redacted-label>_<redacted-label>_<redacted-label>_<redacted-label>",
        "<redacted-label>_<redacted-label>_<redacted-label>_<redacted-label>_<redacted-label>",
        "<redacted-label>_<redacted-label>_<redacted-label>",
        "<redacted-label>_<redacted-label>_<redacted-label>_<redacted-label>",
        "<redacted-label>_<redacted-label>_<redacted-label>",
        "<redacted-label>_<redacted-label>_<redacted-label>_<redacted-label>",
        "<redacted-label>_<redacted-label>_<redacted-label>",
        "<redacted-label>_<redacted-label>_<redacted-label>_<redacted-label>",
        "<redacted-label>_<redacted-label>_<redacted-label>",
        "<redacted-label>_<redacted-label>_<redacted-label>_<redacted-label>",
        "<redacted-label>_<redacted-label>",
        "<redacted-label>_<redacted-label>",
        "<redacted-label>_<redacted-label>",
        "<redacted-label>",
        "<redacted-label>_<redacted-label>",
        "<redacted-label>_<redacted-label>_<redacted-label>",
        "<redacted-label>_<redacted-label>_<redacted-label>",
        "<redacted-label>_<redacted-label>_<redacted-label>",
        "<redacted-label>_<redacted-label>_<redacted-label>",
        "<redacted-label>_<redacted-label>_<redacted-label>",
        "<redacted-label>",
        "<redacted-label>_<redacted-label>",
        "<redacted-label>",
        "<redacted-label>",
        "<redacted-label>_<redacted-label>",
        "<redacted-label>_<redacted-label>_<redacted-label>",
        "<redacted-label>_<redacted-label>",
        "<redacted-label>_<redacted-label>_2021",
        "<redacted-label>_<redacted-label>_2021_<redacted-label>_<redacted-label>",
        "<redacted-label>_<redacted-label>_2021_<redacted-label>",
        "<redacted-label>_<redacted-label>_2021_<redacted-label>_<redacted-label>",
        "<redacted-label>_<redacted-label>",
        "<redacted-label>",
      ],
    },
    "roles": [
      "<redacted-label>",
    ],
  },
}
`;

exports[`live WebUntis smoke > with live layer > reads bootstrap and home endpoints 1`] = `
{
  "integrationsSection": [],
  "isEmailUpdateRequired": false,
  "schoolName": "<redacted-label> Lilienthal",
  "sections": [
    {
      "cells": [
        {
          "badge": null,
          "type": "<redacted-label>_<redacted-label>",
        },
        {
          "badge": null,
          "type": "<redacted-label>_<redacted-label>_<redacted-label>",
        },
        {
          "badge": null,
          "type": "<redacted-label>_<redacted-label>",
        },
      ],
    },
  ],
}
`;

exports[`live WebUntis smoke > with live layer > reads bootstrap and home endpoints 2`] = `
{
  "schoolYear": {
    "dateRange": {
      "end": "<redacted-datetime>",
      "start": "<redacted-datetime>",
    },
    "id": 7,
    "name": "2025/2026",
  },
  "tenant": {
    "displayName": "<redacted-label> Lilienthal",
    "id": "6603700",
    "language": "",
    "schoolLoginName": "igs-lilienthal",
    "wuVersion": "<redacted-version>",
  },
  "user": {
    "departmentId": 0,
    "id": 3711,
    "locale": "de",
    "permissions": [
      "<redacted-label>_<redacted-label>",
      "<redacted-label>_<redacted-label>",
      "<redacted-label>_<redacted-label>_<redacted-label>",
    ],
    "person": null,
    "referencedStudents": [],
    "role": "<redacted-label>",
    "username": "<redacted>",
  },
}
`;

exports[`live WebUntis smoke > with live layer > reads bootstrap and home endpoints 3`] = `
{
  "startupActions": [],
}
`;
